[github.com/veerapasupula28/Aerolance.html]
[github.githubassets.com/assets/light-f552bab6ce72.css]
[github.githubassets.com/assets/dark-4589f64a2275.css]
[github.githubassets.com/assets/dark_dimmed-a7246d2d6733.css]
[github.githubassets.com/assets/dark_high_contrast-f2ef05cef2f1.css]
[github.githubassets.com/assets/dark_colorblind-daa1fe317131.css]
[github.githubassets.com/assets/light_colorblind-1ab6fcc64845.css]
[github.githubassets.com/assets/light_high_contrast-46de871e876c.css]
[github.githubassets.com/assets/light_tritanopia-c9754fef2a31.css]
[github.githubassets.com/assets/dark_tritanopia-dba748981a29.css]
[github.githubassets.com/assets/primer-primitives-4cbeaa0795ef.css]
[github.githubassets.com/assets/primer-fa3434a1ba0a.css]
[github.githubassets.com/assets/global-31defe89cafd.css]
[github.githubassets.com/assets/github-2d10c03a821d.css]
[github.githubassets.com/assets/repository-2e900f0ac288.css]
[github.githubassets.com/assets/code-6f40f214ea67.css]
[github.githubassets.com/assets/wp-runtime-c1d24cfb7322.js]
[github.githubassets.com/assets/vendors-node_modules_dompurify_dist_purify_js-810e4b1b9abd.js]
[github.githubassets.com/assets/vendors-node_modules_stacktrace-parser_dist_stack-trace-parser_esm_js-node_modules_github_bro-6663c5-f997ed3e81d6.js]
[github.githubassets.com/assets/environment-b69e87e382a5.js]
[github.githubassets.com/assets/vendors-node_modules_github_selector-observer_dist_index_esm_js-9f960d9b217c.js]
[github.githubassets.com/assets/vendors-node_modules_primer_behaviors_dist_esm_focus-zone_js-c7679f99a1f3.js]
[github.githubassets.com/assets/vendors-node_modules_github_relative-time-element_dist_index_js-c76945c5961a.js]
[github.githubassets.com/assets/vendors-node_modules_github_combobox-nav_dist_index_js-node_modules_github_markdown-toolbar-e-820fc0-1176135e4d90.js]
[github.githubassets.com/assets/vendors-node_modules_github_auto-complete-element_dist_index_js-node_modules_github_catalyst_-392fe4-1327b94f3269.js]
[github.githubassets.com/assets/vendors-node_modules_github_text-expander-element_dist_index_js-b2135edb5ced.js]
[github.githubassets.com/assets/vendors-node_modules_github_filter-input-element_dist_index_js-node_modules_github_remote-inp-b7d8f4-6e6f83bcc978.js]
[github.githubassets.com/assets/vendors-node_modules_delegated-events_dist_index_js-node_modules_github_details-menu-element_-cc02d5-4f18c9a350f8.js]
[github.githubassets.com/assets/vendors-node_modules_github_file-attachment-element_dist_index_js-node_modules_primer_view-co-3959a9-8b35cf73f178.js]
[github.githubassets.com/assets/app_assets_modules_github_onfocus_ts-ui_packages_trusted-types-policies_policy_ts-ui_packages-6fe316-ae5060590d17.js]
[github.githubassets.com/assets/github-elements-d7225f3cde6d.js]
[github.githubassets.com/assets/element-registry-ba88f24fa13f.js]
[github.githubassets.com/assets/vendors-node_modules_braintree_browser-detection_dist_browser-detection_js-node_modules_githu-fd5530-141bf1a3abfb.js]
[github.githubassets.com/assets/vendors-node_modules_lit-html_lit-html_js-cc7cb714ead5.js]
[github.githubassets.com/assets/vendors-node_modules_morphdom_dist_morphdom-esm_js-node_modules_github_memoize_dist_esm_index_js-8d7117d67c36.js]
[github.githubassets.com/assets/vendors-node_modules_github_turbo_dist_turbo_es2017-esm_js-1cea0f5eff45.js]
[github.githubassets.com/assets/vendors-node_modules_github_remote-form_dist_index_js-node_modules_delegated-events_dist_inde-893f9f-880ac2bbb719.js]
[github.githubassets.com/assets/vendors-node_modules_scroll-anchoring_dist_scroll-anchoring_esm_js-node_modules_github_hotkey-1a1d91-1bb71f3f93c2.js]
[github.githubassets.com/assets/vendors-node_modules_color-convert_index_js-94fdbf91204e.js]
[github.githubassets.com/assets/vendors-node_modules_primer_behaviors_dist_esm_dimensions_js-node_modules_github_jtml_lib_index_js-b1947a1d4855.js]
[github.githubassets.com/assets/vendors-node_modules_github_session-resume_dist_index_js-node_modules_primer_behaviors_dist_e-da6ec6-77ce2f267f4e.js]
[github.githubassets.com/assets/vendors-node_modules_github_quote-selection_dist_index_js-node_modules_github_textarea-autosi-9e0349-704599a61056.js]
[github.githubassets.com/assets/ui_packages_sudo_sudo_ts-82bbcccffaba.js]
[github.githubassets.com/assets/app_assets_modules_github_updatable-content_ts-ui_packages_hydro-analytics_hydro-analytics_ts-82813f-7139c455125b.js]
[github.githubassets.com/assets/app_assets_modules_github_behaviors_task-list_ts-app_assets_modules_github_onfocus_ts-app_ass-421cec-132ba845ee7f.js]
[github.githubassets.com/assets/app_assets_modules_github_sticky-scroll-into-view_ts-72d6e7bfb28f.js]
[github.githubassets.com/assets/app_assets_modules_github_behaviors_ajax-error_ts-app_assets_modules_github_behaviors_include-2e2258-b7663bae517b.js]
[github.githubassets.com/assets/app_assets_modules_github_behaviors_commenting_edit_ts-app_assets_modules_github_behaviors_ht-83c235-5276a3faf037.js]
[github.githubassets.com/assets/behaviors-57ca9df2c03b.js]
[github.githubassets.com/assets/vendors-node_modules_delegated-events_dist_index_js-node_modules_github_catalyst_lib_index_js-06ff531-2ea61fcc9a71.js]
[github.githubassets.com/assets/notifications-global-1506817815cf.js]
[github.githubassets.com/assets/vendors-node_modules_virtualized-list_es_index_js-node_modules_github_template-parts_lib_index_js-878844713bc9.js]
[github.githubassets.com/assets/vendors-node_modules_github_remote-form_dist_index_js-node_modules_delegated-events_dist_inde-e53a3f-cefa903dda50.js]
[github.githubassets.com/assets/app_assets_modules_github_ref-selector_ts-fa04da463305.js]
[github.githubassets.com/assets/codespaces-cffe779d1eb1.js]
[github.githubassets.com/assets/vendors-node_modules_github_filter-input-element_dist_index_js-node_modules_github_mini-throt-7be900-d39037e606e6.js]
[github.githubassets.com/assets/vendors-node_modules_github_file-attachment-element_dist_index_js-node_modules_github_mini-th-a54ef9-c132c9e7fbb2.js]
[github.githubassets.com/assets/app_assets_modules_github_repositories_get-repo-element_ts-e21ae6671295.js]
[github.githubassets.com/assets/repositories-6d6c7674883e.js]
[github.githubassets.com/assets/code-menu-67595c3a6d0c.js]
[backblue.gif]
[fade.gif]
[index.html]
[github.com/fluidicon.png]
[github.githubassets.com/favicons/favicon.png]
[github.githubassets.com/assets/vendors-node_modules_primer_react_lib-esm_Button_IconButton_js-node_modules_primer_react_lib--1cd808-6070bc6b2c67.js]
[github.githubassets.com/assets/keyboard-shortcuts-dialog-52a107eb77ae.js]
[github.githubassets.com/assets/vendors-node_modules_github_remote-form_dist_index_js-node_modules_delegated-events_dist_inde-94fd67-8743f7dc256e.js]
[github.githubassets.com/assets/sessions-458fee042571.js]
[github.com/veerapasupula28/_/_esi/rails_csrf_token_form_hidden.4200c4.delayed]
[github.com/veerapasupula28/Aerolance/stargazers.html]
[github.com/veerapasupula28/Aerolance/forks.html]
[github.com/veerapasupula28/Aerolance/branches.html]
[github.com/veerapasupula28/Aerolance/tags.html]
[github.com/veerapasupula28/Aerolance/activity.html]
[github.com/veerapasupula28/Aerolance/issues.html]
[github.com/veerapasupula28/Aerolance/pulls.html]
[github.com/veerapasupula28/Aerolance/actions.html]
[github.com/veerapasupula28/Aerolance/projects4494.html]
[github.com/veerapasupula28/Aerolance/security.html]
[github.com/veerapasupula28/Aerolance/security/overall-count.4e.delayed]
[github.com/veerapasupula28/Aerolance/pulse.html]
[github.com/veerapasupula28/Aerolance/spoofed_commit_check/f0ff50243bd4e70c41d816be705bc07475f73eab.html]
[github.githubassets.com/assets/react-lib-dc88c1a68b28.js]
[github.githubassets.com/assets/vendors-node_modules_primer_octicons-react_dist_index_esm_js-node_modules_primer_react_lib-es-541a38-c63b7a3484dd.js]
[github.githubassets.com/assets/vendors-node_modules_primer_react_lib-esm_Box_Box_js-8f8c5e2a2cbf.js]
[github.githubassets.com/assets/vendors-node_modules_primer_react_lib-esm_FeatureFlags_FeatureFlags_js-node_modules_github_ca-9009bd-47065f21e9ac.js]
[github.githubassets.com/assets/vendors-node_modules_primer_react_lib-esm_Button_Button_js-97ed51d4f278.js]
[github.githubassets.com/assets/vendors-node_modules_primer_react_lib-esm_TooltipV2_Tooltip_js-730f6ad7c9e5.js]
[github.githubassets.com/assets/vendors-node_modules_primer_react_node_modules_primer_octicons-react_dist_index_esm_mjs-dc98a76c65d6.js]
[github.githubassets.com/assets/vendors-node_modules_primer_react_lib-esm_ActionList_index_js-9e50e37cd494.js]
[github.githubassets.com/assets/vendors-node_modules_primer_react_lib-esm_Text_Text_js-node_modules_primer_react_lib-esm_Text-85a14b-3ddd3412665d.js]
[github.githubassets.com/assets/vendors-node_modules_primer_react_lib-esm_AnchoredOverlay_AnchoredOverlay_js-4c761b535add.js]
[github.githubassets.com/assets/vendors-node_modules_primer_react_lib-esm_ActionMenu_ActionMenu_js-3936ca1bc46c.js]
[github.githubassets.com/assets/vendors-node_modules_react-router-dom_dist_index_js-2b1dbeadb6d4.js]
[github.githubassets.com/assets/vendors-node_modules_primer_react_lib-esm_UnderlineNav_index_js-27a2e250c34b.js]
[github.githubassets.com/assets/vendors-node_modules_primer_react_lib-esm_AvatarStack_AvatarStack_js-node_modules_primer_reac-eb197a-f24818252e0f.js]
[github.githubassets.com/assets/ui_packages_react-core_create-browser-history_ts-ui_packages_safe-storage_safe-storage_ts-ui_-682c2c-44ed51a2083d.js]
[github.githubassets.com/assets/ui_packages_paths_index_ts-6a5742f488e3.js]
[github.githubassets.com/assets/ui_packages_ref-selector_RefSelector_tsx-69aff3dba3cb.js]
[github.githubassets.com/assets/app_assets_modules_react-shared_hooks_use-canonical-object_ts-ui_packages_code-view-shared_ho-e725dc-f9274fbae1dd.js]
[github.githubassets.com/assets/repos-overview-91c63405f81d.js]
[github.com/veerapasupula28/Aerolance/tree/main/assets.html]
[github.com/veerapasupula28/Aerolance/commits/main/index.html]
[github.com/veerapasupula28/Aerolance/tree/main/forms.html]
[github.com/veerapasupula28/Aerolance/blob/main/Aerolance-Brochure.html]
[github.com/veerapasupula28/Aerolance/blob/main/Logo-1.html]
[github.com/veerapasupula28/Aerolance/blob/main/Logo.html]
[github.com/veerapasupula28/Aerolance/blob/main/README.html]
[github.com/veerapasupula28/Aerolance/blob/main/aircraft-details.html]
[github.com/veerapasupula28/Aerolance/blob/main/drone-details.html]
[github.com/veerapasupula28/Aerolance/blob/main/index.html]
[github.com/veerapasupula28/Aerolance/blob/main/industrial-visit.html]
[github.com/veerapasupula28/Aerolance/blob/main/inner-page.html]
[github.com/veerapasupula28/Aerolance/blob/main/portfolio-details.html]
[github.com/veerapasupula28/Aerolance/blob/main/uav-details.html]
[github.com/veerapasupula28/Aerolance/watchers.html]
[github.com/veerapasupula28/Aerolance/releases.html]
